{"level":"info","message":"[CRON] All 5 background jobs started.","service":"ev-ride-api","timestamp":"2026-04-29 03:12:04"}
{"level":"info","message":"[CRON] All 5 background jobs started.","service":"ev-ride-api","timestamp":"2026-04-29 03:14:47"}
{"level":"info","message":"[CRON] All 5 background jobs started.","service":"ev-ride-api","timestamp":"2026-04-29 03:19:50"}
{"level":"info","message":"[CRON] Reset 1 ghost drivers.","service":"ev-ride-api","timestamp":"2026-04-29 03:20:00"}
{"level":"info","message":"[CRON] All 5 background jobs started.","service":"ev-ride-api","timestamp":"2026-04-29 03:23:37"}
{"level":"info","message":"[CRON] All 5 background jobs started.","service":"ev-ride-api","timestamp":"2026-04-29 03:30:20"}
{"level":"info","message":"[CRON] All 5 background jobs started.","service":"ev-ride-api","timestamp":"2026-04-29 03:34:32"}
{"level":"info","message":"[CRON] All 5 background jobs started.","service":"ev-ride-api","timestamp":"2026-04-29 03:37:09"}
{"level":"info","message":"[CRON] All 5 background jobs started.","service":"ev-ride-api","timestamp":"2026-04-29 03:47:06"}
{"level":"info","message":"[CRON] All 5 background jobs started.","service":"ev-ride-api","timestamp":"2026-04-29 03:48:16"}
{"level":"info","message":"[CRON] All 5 background jobs started.","service":"ev-ride-api","timestamp":"2026-04-29 03:53:55"}
{"level":"info","message":"[CRON] All 5 background jobs started.","service":"ev-ride-api","timestamp":"2026-04-29 03:54:54"}
{"activeRides":0,"level":"info","message":"[CRON] Platform stats","onlineDrivers":0,"service":"ev-ride-api","timestamp":"2026-04-29 04:00:01","todayCompleted":0}
{"level":"info","message":"[CRON] All 5 background jobs started.","service":"ev-ride-api","timestamp":"2026-04-29 04:14:12"}
{"level":"info","message":"[CRON] All 5 background jobs started.","service":"ev-ride-api","timestamp":"2026-04-29 04:18:48"}
{"level":"info","message":"[CRON] All 5 background jobs started.","service":"ev-ride-api","timestamp":"2026-04-29 04:20:23"}
{"level":"info","message":"[CRON] All 5 background jobs started.","service":"ev-ride-api","timestamp":"2026-05-01 12:55:00"}
{"activeRides":0,"level":"info","message":"[CRON] Platform stats","onlineDrivers":0,"service":"ev-ride-api","timestamp":"2026-05-01 13:00:04","todayCompleted":0}
{"level":"info","message":"[CRON] All 5 background jobs started.","service":"ev-ride-api","timestamp":"2026-05-01 16:29:33"}
{"activeRides":0,"level":"info","message":"[CRON] Platform stats","onlineDrivers":0,"service":"ev-ride-api","timestamp":"2026-05-01 17:00:01","todayCompleted":0}
{"level":"info","message":"[CRON] All 5 background jobs started.","service":"ev-ride-api","timestamp":"2026-05-01 23:48:32"}
{"activeRides":0,"level":"info","message":"[CRON] Platform stats","onlineDrivers":0,"service":"ev-ride-api","timestamp":"2026-05-02 00:00:00","todayCompleted":0}
{"level":"info","message":"[CRON] Daily earnings snapshot complete for Fri May 01 2026.","service":"ev-ride-api","timestamp":"2026-05-02 00:05:00"}
{"level":"info","message":"[CRON] All 5 background jobs started.","service":"ev-ride-api","timestamp":"2026-05-02 00:43:55"}
{"activeRides":0,"level":"info","message":"[CRON] Platform stats","onlineDrivers":0,"service":"ev-ride-api","timestamp":"2026-05-02 01:00:01","todayCompleted":0}
{"level":"info","message":"[CRON] All 5 background jobs started.","service":"ev-ride-api","timestamp":"2026-05-02 01:09:48"}
{"level":"info","message":"[CRON] All 5 background jobs started.","service":"ev-ride-api","timestamp":"2026-05-02 01:21:23"}
{"level":"info","message":"[CRON] All 5 background jobs started.","service":"ev-ride-api","timestamp":"2026-05-02 01:48:59"}
{"level":"info","message":"[CRON] All 5 background jobs started.","service":"ev-ride-api","timestamp":"2026-05-02 01:51:49"}
{"activeRides":0,"level":"info","message":"[CRON] Platform stats","onlineDrivers":0,"service":"ev-ride-api","timestamp":"2026-05-02 02:00:01","todayCompleted":0}
{"level":"info","message":"[CRON] All 5 background jobs started.","service":"ev-ride-api","timestamp":"2026-05-04 01:33:09"}
{"level":"info","message":"[CRON] All 5 background jobs started.","service":"ev-ride-api","timestamp":"2026-05-04 01:52:20"}
{"activeRides":0,"level":"info","message":"[CRON] Platform stats","onlineDrivers":0,"service":"ev-ride-api","timestamp":"2026-05-04 02:00:01","todayCompleted":0}
{"level":"info","message":"[CRON] All 5 background jobs started.","service":"ev-ride-api","timestamp":"2026-05-04 02:21:16"}
{"level":"info","message":"[CRON] All 5 background jobs started.","service":"ev-ride-api","timestamp":"2026-05-04 02:21:41"}
{"level":"info","message":"[CRON] All 5 background jobs started.","service":"ev-ride-api","timestamp":"2026-05-04 02:22:01"}
{"level":"info","message":"[CRON] All 5 background jobs started.","service":"ev-ride-api","timestamp":"2026-05-04 02:22:07"}
{"activeRides":0,"level":"info","message":"[CRON] Platform stats","onlineDrivers":0,"service":"ev-ride-api","timestamp":"2026-05-04 03:00:01","todayCompleted":0}
{"level":"info","message":"[KYC] User Test Driver uploaded documents for verification.","service":"ev-ride-api","timestamp":"2026-05-05 02:07:42"}
{"level":"info","message":"[KYC] User Test Driver uploaded documents for verification.","service":"ev-ride-api","timestamp":"2026-05-05 02:54:18"}
{"level":"info","message":"[KYC] User Test Driver uploaded documents for verification.","service":"ev-ride-api","timestamp":"2026-05-05 03:01:22"}
{"level":"info","message":"[KYC] User Test Driver uploaded documents for verification.","service":"ev-ride-api","timestamp":"2026-05-05 03:02:07"}
